// Jest Snapshot v1, https://goo.gl/fbAQLP

exports[`Modal Renders Modal component 1`] = `ShallowWrapper {}`;
